// Jest Snapshot v1, https://goo.gl/fbAQLP

exports[`renders a list of resources that have endpoints 1`] = `
<section
  className="PreviewList "
>
  <ul>
    <li>
      <a
        className="PreviewList-link"
        href="/r/snack/preview"
        onClick={[Function]}
      >
        snack
      </a>
    </li>
    <li>
      <a
        className="PreviewList-link"
        href="/r/vigoda/preview"
        onClick={[Function]}
      >
        vigoda
      </a>
    </li>
  </ul>
</section>
`;

exports[`renders a message if no resources have endpoint 1`] = `
<section
  className="PreviewList PreviewList--empty"
>
  <section
    className="Pane-empty-message"
  >
    <svg>
      logo-wordmark-gray.svg
    </svg>
    <h2>
      No Endpoints Found
    </h2>
    <p>
      If you'd like to preview your resources in the browser, 
      <br />
      the 
      <a
        href="https://docs.tilt.dev/tutorial.html"
      >
        Tilt Tutorial
      </a>
       
      has more on setting up port forwarding.
    </p>
  </section>
</section>
`;
